tdsun168@hieuntm ⚡: chmod 400 MyKeyPair.pem 
tdsun168@hieuntm ⚡: ssh -i "MyKeyPair.pem" ec2-user@107.20.55.251
The authenticity of host '107.20.55.251 (107.20.55.251)' can't be established.
ED25519 key fingerprint is SHA256:ywiSCSqTedIbiGdMRvdzCbFW9rgBm73MpGqKAgvwZf0.
This key is not known by any other names.
Are you sure you want to continue connecting (yes/no/[fingerprint])? y
Please type 'yes', 'no' or the fingerprint: yes
Warning: Permanently added '107.20.55.251' (ED25519) to the list of known hosts.
   ,     #_
   ~\_  ####_        Amazon Linux 2023
  ~~  \_#####\
  ~~     \###|
  ~~       \#/ ___   https://aws.amazon.com/linux/amazon-linux-2023
   ~~       V~' '->
    ~~~         /
      ~~._.   _/
         _/ _/
       _/m/'
[ec2-user@ip-10-1-10-19 ~]$ sudo yum install mysql
Last metadata expiration check: 0:02:04 ago on Sun Sep 15 06:20:42 2024.
No match for argument: mysql
Error: Unable to find a match: mysql
[ec2-user@ip-10-1-10-19 ~]$ sudo dnf update -y
Last metadata expiration check: 0:02:53 ago on Sun Sep 15 06:20:42 2024.
Dependencies resolved.
Nothing to do.
Complete!
[ec2-user@ip-10-1-10-19 ~]$ sudo dnf install mariadb105
Last metadata expiration check: 0:03:00 ago on Sun Sep 15 06:20:42 2024.
Dependencies resolved.
================================================================================
 Package                    Arch   Version                    Repository   Size
================================================================================
Installing:
 mariadb105                 x86_64 3:10.5.25-1.amzn2023.0.1   amazonlinux 1.6 M
Installing dependencies:
 mariadb-connector-c        x86_64 3.1.13-1.amzn2023.0.3      amazonlinux 196 k
 mariadb-connector-c-config noarch 3.1.13-1.amzn2023.0.3      amazonlinux 9.2 k
 mariadb105-common          x86_64 3:10.5.25-1.amzn2023.0.1   amazonlinux  29 k
 perl-Sys-Hostname          x86_64 1.23-477.amzn2023.0.6      amazonlinux  18 k

Transaction Summary
================================================================================
Install  5 Packages

Total download size: 1.8 M
Installed size: 19 M
Is this ok [y/N]: y
Downloading Packages:
(1/5): mariadb-connector-c-config-3.1.13-1.amzn 142 kB/s | 9.2 kB     00:00    
(2/5): mariadb-connector-c-3.1.13-1.amzn2023.0. 2.7 MB/s | 196 kB     00:00    
(3/5): mariadb105-common-10.5.25-1.amzn2023.0.1 1.3 MB/s |  29 kB     00:00    
(4/5): mariadb105-10.5.25-1.amzn2023.0.1.x86_64  14 MB/s | 1.6 MB     00:00    
(5/5): perl-Sys-Hostname-1.23-477.amzn2023.0.6. 411 kB/s |  18 kB     00:00    
--------------------------------------------------------------------------------
Total                                            11 MB/s | 1.8 MB     00:00     
Running transaction check
Transaction check succeeded.
Running transaction test
Transaction test succeeded.
Running transaction
  Preparing        :                                                        1/1 
  Installing       : mariadb-connector-c-config-3.1.13-1.amzn2023.0.3.noa   1/5 
  Installing       : mariadb-connector-c-3.1.13-1.amzn2023.0.3.x86_64       2/5 
  Installing       : mariadb105-common-3:10.5.25-1.amzn2023.0.1.x86_64      3/5 
  Installing       : perl-Sys-Hostname-1.23-477.amzn2023.0.6.x86_64         4/5 
  Installing       : mariadb105-3:10.5.25-1.amzn2023.0.1.x86_64             5/5 
  Running scriptlet: mariadb105-3:10.5.25-1.amzn2023.0.1.x86_64             5/5 
  Verifying        : mariadb-connector-c-3.1.13-1.amzn2023.0.3.x86_64       1/5 
  Verifying        : mariadb-connector-c-config-3.1.13-1.amzn2023.0.3.noa   2/5 
  Verifying        : mariadb105-3:10.5.25-1.amzn2023.0.1.x86_64             3/5 
  Verifying        : mariadb105-common-3:10.5.25-1.amzn2023.0.1.x86_64      4/5 
  Verifying        : perl-Sys-Hostname-1.23-477.amzn2023.0.6.x86_64         5/5 

Installed:
  mariadb-connector-c-3.1.13-1.amzn2023.0.3.x86_64                              
  mariadb-connector-c-config-3.1.13-1.amzn2023.0.3.noarch                       
  mariadb105-3:10.5.25-1.amzn2023.0.1.x86_64                                    
  mariadb105-common-3:10.5.25-1.amzn2023.0.1.x86_64                             
  perl-Sys-Hostname-1.23-477.amzn2023.0.6.x86_64                                

Complete!
[ec2-user@ip-10-1-10-19 ~]$ mysql -h database1.cltcsg0phkui.us-east-1.rds.amazonaws.com -u udacity -p
Enter password: 
ERROR 1045 (28000): Access denied for user 'udacity'@'10.1.10.19' (using password: YES)
[ec2-user@ip-10-1-10-19 ~]$ mysql -h database1.cltcsg0phkui.us-east-1.rds.amazonaws.com -u admin -p
Enter password: 
Welcome to the MariaDB monitor.  Commands end with ; or \g.
Your MySQL connection id is 53
Server version: 8.0.35 Source distribution

Copyright (c) 2000, 2018, Oracle, MariaDB Corporation Ab and others.

Type 'help;' or '\h' for help. Type '\c' to clear the current input statement.

MySQL [(none)]> CREATE TABLE test_table (id INT AUTO_INCREMENT PRIMARY KEY, name VARCHAR(255) NOT NULL, age INT);
ERROR 1046 (3D000): No database selected
MySQL [(none)]> show schemas;
+--------------------+
| Database           |
+--------------------+
| information_schema |
| mysql              |
| performance_schema |
| sys                |
| udacity            |
+--------------------+
5 rows in set (0.008 sec)

MySQL [(none)]> use udacity;
Database changed
MySQL [udacity]> CREATE TABLE test_table (id INT AUTO_INCREMENT PRIMARY KEY, name VARCHAR(255) NOT NULL, age INT);
Query OK, 0 rows affected (0.058 sec)

MySQL [udacity]> insert into test_table values ('TEST', 10);
ERROR 1136 (21S01): Column count doesn't match value count at row 1
MySQL [udacity]> insert into test_table(name, age) values ('TEST', 10);
Query OK, 1 row affected (0.009 sec)

MySQL [udacity]> select * from test_table;
+----+------+------+
| id | name | age  |
+----+------+------+
|  1 | TEST |   10 |
+----+------+------+
1 row in set (0.001 sec)

MySQL [udacity]> 
